Threads: 4
Adaptive eta: 0.5
Adaptive kappa: 1
Adaptive predict: on
Adaptive recompute: on
Adaptive costs (P/R/W): 2 / 6 / 1000
Adaptive max lead: 2
mu: 0.225
theta=4*mu: 0.9
Adaptive actions READ: 367
Adaptive actions RECOMPUTE: 102
Adaptive actions PREDICT: 131
Adaptive actions WAIT: 0
Adaptive lead-guard waits: 0
Adaptive predict rejected: 96
Accepted PREDICT max Esync/(eta*B): 0.9940024839690805
Accepted PREDICT avg Esync/(eta*B): 0.698645469170818
Rejected PREDICT max Esync/(eta*B): 1.609888929484692
Rejected PREDICT avg Esync/(eta*B): 0.7735553009035945
Variant: omp_mpilike_adaptive
N: 512
T: 100
TILE: 32
alpha: 0.10000000000000001
theta: 0.90000000000000002
h: 0.0019569471624266144
dt: 8.6166949421915494e-06
mu: 0.22500000000000001
final_time: 0.00086166949421915499
Tempo : 0.0070828319999999998 s
L1_mean: 3.6786570789433731e-09
L2_rms: 4.5478183352683629e-09
Linf: 9.3473081966568535e-09
