Threads: 4
Adaptive eta: 0.5
Adaptive kappa: 1
Adaptive predict: on
Adaptive recompute: on
Adaptive costs (P/R/W): 2 / 6 / 1000
Adaptive max lead: 2
mu: 0.225
theta=4*mu: 0.9
Adaptive actions READ: 4844
Adaptive actions RECOMPUTE: 1646
Adaptive actions PREDICT: 3140
Adaptive actions WAIT: 0
Adaptive lead-guard waits: 770
Adaptive predict rejected: 1640
Accepted PREDICT max Esync/(eta*B): 0.9926168907071889
Accepted PREDICT avg Esync/(eta*B): 0.7279535692472929
Rejected PREDICT max Esync/(eta*B): 1.753258842804363
Rejected PREDICT avg Esync/(eta*B): 0.7106479319095744
Variant: omp_mpilike_adaptive
N: 2048
T: 1605
TILE: 32
alpha: 0.10000000000000001
theta: 0.90000000000000002
h: 0.00048851978505129456
dt: 5.3696605586976679e-07
mu: 0.22500000000000001
final_time: 0.00086183051967097569
Tempo : 11.213052661000001 s
L1_mean: 2.296530976444446e-10
L2_rms: 2.8347586178413599e-10
Linf: 5.7461474595103135e-10
